Filtering the log data using "processImagePath BEGINSWITH "/Users/ausnep/Library/Developer/CoreSimulator/Devices/4D9B7F3C-0C87-41CF-A27E-D758BA42DA4F/data/Containers/Bundle/Application/D31BAC70-3A9D-4206-B9DF-435D973DBD5D/pqaa_detox.app""
Timestamp               Ty Process[PID:TID]
2022-10-27 18:05:08.094 Db pqaa_detox[61048:130839] [com.apple.defaults:User Defaults] found no value for key CGContextHighlight2xScaledImages in CFPrefsPlistSource<0x600003ed4d00> (Domain: org.reactjs.native.example.pqaa-detox, User: kCFPreferencesCurrentUser, ByHost: No, Container: (null), Contents Need Refresh: No)
2022-10-27 18:05:08.094 Db pqaa_detox[61048:130839] [com.apple.defaults:User Defaults] found no value for key CGContextHighlight2xScaledImages in CFPrefsPlistSource<0x600003ed4d00> (Domain: org.reactjs.native.example.pqaa-detox, User: kCFPreferencesCurrentUser, ByHost: No, Container: (null), Contents Need Refresh: No)
2022-10-27 18:05:08.094 Db pqaa_detox[61048:130839] [com.apple.defaults:User Defaults] found no value for key CGContextHighlight2xScaledImages in CFPrefsPlistSource<0x600003ed5080> (Domain: kCFPreferencesAnyApplication, User: kCFPreferencesCurrentUser, ByHost: No, Container: (null), Contents Need Refresh: No)
2022-10-27 18:05:08.094 Db pqaa_detox[61048:130839] [com.apple.defaults:User Defaults] found no value for key CGContextHighlight2xScaledImages in CFPrefsPlistSource<0x600003ed5080> (Domain: kCFPreferencesAnyApplication, User: kCFPreferencesCurrentUser, ByHost: No, Container: (null), Contents Need Refresh: No)
2022-10-27 18:05:08.094 Db pqaa_detox[61048:130839] [com.apple.defaults:User Defaults] found no value for key CGContextTrackImageDrawing in CFPrefsPlistSource<0x600003ed4d00> (Domain: org.reactjs.native.example.pqaa-detox, User: kCFPreferencesCurrentUser, ByHost: No, Container: (null), Contents Need Refresh: No)
2022-10-27 18:05:08.094 Db pqaa_detox[61048:130839] [com.apple.defaults:User Defaults] found no value for key CGContextTrackImageDrawing in CFPrefsPlistSource<0x600003ed4d00> (Domain: org.reactjs.native.example.pqaa-detox, User: kCFPreferencesCurrentUser, ByHost: No, Container: (null), Contents Need Refresh: No)
2022-10-27 18:05:08.094 Db pqaa_detox[61048:130839] [com.apple.defaults:User Defaults] found no value for key CGContextTrackImageDrawing in CFPrefsPlistSource<0x600003ed5080> (Domain: kCFPreferencesAnyApplication, User: kCFPreferencesCurrentUser, ByHost: No, Container: (null), Contents Need Refresh: No)
2022-10-27 18:05:08.094 Db pqaa_detox[61048:130839] [com.apple.defaults:User Defaults] found no value for key CGContextTrackImageDrawing in CFPrefsPlistSource<0x600003ed5080> (Domain: kCFPreferencesAnyApplication, User: kCFPreferencesCurrentUser, ByHost: No, Container: (null), Contents Need Refresh: No)
2022-10-27 18:05:08.135 Db pqaa_detox[61048:130839] [com.apple.defaults:User Defaults] found no value for key LogTouch in CFPrefsSearchListSource<0x600003edf680> (Domain: com.apple.UIKit, Container: (null))
2022-10-27 18:05:08.138 Db pqaa_detox[61048:130839] [com.apple.defaults:User Defaults] found no value for key LogGesture in CFPrefsSearchListSource<0x600003edf680> (Domain: com.apple.UIKit, Container: (null))
2022-10-27 18:05:08.140 Db pqaa_detox[61048:130839] [com.apple.defaults:User Defaults] found no value for key LogEventDispatch in CFPrefsSearchListSource<0x600003edf680> (Domain: com.apple.UIKit, Container: (null))
2022-10-27 18:05:08.140 Df pqaa_detox[61048:130839] [com.apple.UIKit:EventDispatch] Sending UIEvent type: 0; subtype: 0; to windows: 1
2022-10-27 18:05:08.148 Df pqaa_detox[61048:130839] [com.apple.UIKit:EventDispatch] Sending UIEvent type: 0; subtype: 0; to window: <UIWindow: 0x7f9f06123d70>; contextId: 0xD4F5DC3E
2022-10-27 18:05:08.153 Db pqaa_detox[61048:130839] [com.apple.defaults:User Defaults] found no value for key LogGestureExclusion in CFPrefsSearchListSource<0x600003edf680> (Domain: com.apple.UIKit, Container: (null))
2022-10-27 18:05:08.154 Db pqaa_detox[61048:130839] [com.apple.defaults:User Defaults] found no value for key LogGesturePerformance in CFPrefsSearchListSource<0x600003edf680> (Domain: com.apple.UIKit, Container: (null))
2022-10-27 18:05:08.155 A  pqaa_detox[61048:130839] (UIKitCore) send gesture actions
2022-10-27 18:05:08.157 A  pqaa_detox[61048:130839] (UIKitCore) send control actions
2022-10-27 18:05:08.159 Df pqaa_detox[61048:130839] [com.apple.UIKit:EventDispatch] Sending UIEvent type: 0; subtype: 0; to windows: 1
2022-10-27 18:05:08.160 Df pqaa_detox[61048:130839] [com.apple.UIKit:EventDispatch] Sending UIEvent type: 0; subtype: 0; to window: <UIWindow: 0x7f9f06123d70>; contextId: 0xD4F5DC3E
2022-10-27 18:05:08.161 A  pqaa_detox[61048:130839] (UIKitCore) send gesture actions
2022-10-27 18:05:08.162 A  pqaa_detox[61048:130839] (UIKitCore) send control actions
2022-10-27 18:05:08.236 Db pqaa_detox[61048:1308b3] [com.apple.defaults:User Defaults] looked up value 1 for key RCTI18nUtil_makeRTLFlipLeftAndRightStyles in CFPrefsPlistSource<0x600003ed4d00> (Domain: org.reactjs.native.example.pqaa-detox, User: kCFPreferencesCurrentUser, ByHost: No, Container: (null), Contents Need Refresh: No) via CFPrefsSearchListSource<0x600003ed0300> (Domain: org.reactjs.native.example.pqaa-detox, Container: (null))
2022-10-27 18:05:08.283 Db pqaa_detox[61048:1308a1] [com.apple.defaults:User Defaults] looked up value 1 for key RCTI18nUtil_makeRTLFlipLeftAndRightStyles in CFPrefsPlistSource<0x600003ed4d00> (Domain: org.reactjs.native.example.pqaa-detox, User: kCFPreferencesCurrentUser, ByHost: No, Container: (null), Contents Need Refresh: No) via CFPrefsSearchListSource<0x600003ed0300> (Domain: org.reactjs.native.example.pqaa-detox, Container: (null))
2022-10-27 18:05:08.284 Db pqaa_detox[61048:1308a1] [com.apple.defaults:User Defaults] looked up value 1 for key RCTI18nUtil_makeRTLFlipLeftAndRightStyles in CFPrefsPlistSource<0x600003ed4d00> (Domain: org.reactjs.native.example.pqaa-detox, User: kCFPreferencesCurrentUser, ByHost: No, Container: (null), Contents Need Refresh: No) via CFPrefsSearchListSource<0x600003ed0300> (Domain: org.reactjs.native.example.pqaa-detox, Container: (null))
2022-10-27 18:05:08.284 Db pqaa_detox[61048:1308a1] [com.apple.defaults:User Defaults] looked up value 1 for key RCTI18nUtil_makeRTLFlipLeftAndRightStyles in CFPrefsPlistSource<0x600003ed4d00> (Domain: org.reactjs.native.example.pqaa-detox, User: kCFPreferencesCurrentUser, ByHost: No, Container: (null), Contents Need Refresh: No) via CFPrefsSearchListSource<0x600003ed0300> (Domain: org.reactjs.native.example.pqaa-detox, Container: (null))
2022-10-27 18:05:08.284 Db pqaa_detox[61048:1308a1] [com.apple.defaults:User Defaults] looked up value 1 for key RCTI18nUtil_makeRTLFlipLeftAndRightStyles in CFPrefsPlistSource<0x600003ed4d00> (Domain: org.reactjs.native.example.pqaa-detox, User: kCFPreferencesCurrentUser, ByHost: No, Container: (null), Contents Need Refresh: No) via CFPrefsSearchListSource<0x600003ed0300> (Domain: org.reactjs.native.example.pqaa-detox, Container: (null))
2022-10-27 18:05:08.294 Db pqaa_detox[61048:1308a1] [com.apple.defaults:User Defaults] looked up value 1 for key RCTI18nUtil_makeRTLFlipLeftAndRightStyles in CFPrefsPlistSource<0x600003ed4d00> (Domain: org.reactjs.native.example.pqaa-detox, User: kCFPreferencesCurrentUser, ByHost: No, Container: (null), Contents Need Refresh: No) via CFPrefsSearchListSource<0x600003ed0300> (Domain: org.reactjs.native.example.pqaa-detox, Container: (null))
2022-10-27 18:05:08.294 Db pqaa_detox[61048:1308a1] [com.apple.defaults:User Defaults] looked up value 1 for key RCTI18nUtil_makeRTLFlipLeftAndRightStyles in CFPrefsPlistSource<0x600003ed4d00> (Domain: org.reactjs.native.example.pqaa-detox, User: kCFPreferencesCurrentUser, ByHost: No, Container: (null), Contents Need Refresh: No) via CFPrefsSearchListSource<0x600003ed0300> (Domain: org.reactjs.native.example.pqaa-detox, Container: (null))
2022-10-27 18:05:08.313 Db pqaa_detox[61048:1308a1] [com.apple.defaults:User Defaults] looked up value 1 for key RCTI18nUtil_makeRTLFlipLeftAndRightStyles in CFPrefsPlistSource<0x600003ed4d00> (Domain: org.reactjs.native.example.pqaa-detox, User: kCFPreferencesCurrentUser, ByHost: No, Container: (null), Contents Need Refresh: No) via CFPrefsSearchListSource<0x600003ed0300> (Domain: org.reactjs.native.example.pqaa-detox, Container: (null))
2022-10-27 18:05:08.313 Db pqaa_detox[61048:1308a1] [com.apple.defaults:User Defaults] looked up value 1 for key RCTI18nUtil_makeRTLFlipLeftAndRightStyles in CFPrefsPlistSource<0x600003ed4d00> (Domain: org.reactjs.native.example.pqaa-detox, User: kCFPreferencesCurrentUser, ByHost: No, Container: (null), Contents Need Refresh: No) via CFPrefsSearchListSource<0x600003ed0300> (Domain: org.reactjs.native.example.pqaa-detox, Container: (null))
2022-10-27 18:05:08.331 Db pqaa_detox[61048:1308b3] [com.apple.defaults:User Defaults] looked up value 1 for key RCTI18nUtil_makeRTLFlipLeftAndRightStyles in CFPrefsPlistSource<0x600003ed4d00> (Domain: org.reactjs.native.example.pqaa-detox, User: kCFPreferencesCurrentUser, ByHost: No, Container: (null), Contents Need Refresh: No) via CFPrefsSearchListSource<0x600003ed0300> (Domain: org.reactjs.native.example.pqaa-detox, Container: (null))
2022-10-27 18:05:08.347 Db pqaa_detox[61048:1308b3] [com.apple.defaults:User Defaults] looked up value 1 for key RCTI18nUtil_makeRTLFlipLeftAndRightStyles in CFPrefsPlistSource<0x600003ed4d00> (Domain: org.reactjs.native.example.pqaa-detox, User: kCFPreferencesCurrentUser, ByHost: No, Container: (null), Contents Need Refresh: No) via CFPrefsSearchListSource<0x600003ed0300> (Domain: org.reactjs.native.example.pqaa-detox, Container: (null))
2022-10-27 18:05:08.347 Db pqaa_detox[61048:1308b3] [com.apple.defaults:User Defaults] looked up value 1 for key RCTI18nUtil_makeRTLFlipLeftAndRightStyles in CFPrefsPlistSource<0x600003ed4d00> (Domain: org.reactjs.native.example.pqaa-detox, User: kCFPreferencesCurrentUser, ByHost: No, Container: (null), Contents Need Refresh: No) via CFPrefsSearchListSource<0x600003ed0300> (Domain: org.reactjs.native.example.pqaa-detox, Container: (null))
2022-10-27 18:05:08.347 Db pqaa_detox[61048:1308b3] [com.apple.defaults:User Defaults] looked up value 1 for key RCTI18nUtil_makeRTLFlipLeftAndRightStyles in CFPrefsPlistSource<0x600003ed4d00> (Domain: org.reactjs.native.example.pqaa-detox, User: kCFPreferencesCurrentUser, ByHost: No, Container: (null), Contents Need Refresh: No) via CFPrefsSearchListSource<0x600003ed0300> (Domain: org.reactjs.native.example.pqaa-detox, Container: (null))
2022-10-27 18:05:08.347 Db pqaa_detox[61048:1308b3] [com.apple.defaults:User Defaults] looked up value 1 for key RCTI18nUtil_makeRTLFlipLeftAndRightStyles in CFPrefsPlistSource<0x600003ed4d00> (Domain: org.reactjs.native.example.pqaa-detox, User: kCFPreferencesCurrentUser, ByHost: No, Container: (null), Contents Need Refresh: No) via CFPrefsSearchListSource<0x600003ed0300> (Domain: org.reactjs.native.example.pqaa-detox, Container: (null))
2022-10-27 18:05:08.347 Db pqaa_detox[61048:1308b3] [com.apple.defaults:User Defaults] looked up value 1 for key RCTI18nUtil_makeRTLFlipLeftAndRightStyles in CFPrefsPlistSource<0x600003ed4d00> (Domain: org.reactjs.native.example.pqaa-detox, User: kCFPreferencesCurrentUser, ByHost: No, Container: (null), Contents Need Refresh: No) via CFPrefsSearchListSource<0x600003ed0300> (Domain: org.reactjs.native.example.pqaa-detox, Container: (null))
2022-10-27 18:05:08.347 Db pqaa_detox[61048:1308b3] [com.apple.defaults:User Defaults] looked up value 1 for key RCTI18nUtil_makeRTLFlipLeftAndRightStyles in CFPrefsPlistSource<0x600003ed4d00> (Domain: org.reactjs.native.example.pqaa-detox, User: kCFPreferencesCurrentUser, ByHost: No, Container: (null), Contents Need Refresh: No) via CFPrefsSearchListSource<0x600003ed0300> (Domain: org.reactjs.native.example.pqaa-detox, Container: (null))
2022-10-27 18:05:08.347 Db pqaa_detox[61048:1308b3] [com.apple.defaults:User Defaults] looked up value 1 for key RCTI18nUtil_makeRTLFlipLeftAndRightStyles in CFPrefsPlistSource<0x600003ed4d00> (Domain: org.reactjs.native.example.pqaa-detox, User: kCFPreferencesCurrentUser, ByHost: No, Container: (null), Contents Need Refresh: No) via CFPrefsSearchListSource<0x600003ed0300> (Domain: org.reactjs.native.example.pqaa-detox, Container: (null))
2022-10-27 18:05:08.347 Db pqaa_detox[61048:1308b3] [com.apple.defaults:User Defaults] looked up value 1 for key RCTI18nUtil_makeRTLFlipLeftAndRightStyles in CFPrefsPlistSource<0x600003ed4d00> (Domain: org.reactjs.native.example.pqaa-detox, User: kCFPreferencesCurrentUser, ByHost: No, Container: (null), Contents Need Refresh: No) via CFPrefsSearchListSource<0x600003ed0300> (Domain: org.reactjs.native.example.pqaa-detox, Container: (null))
2022-10-27 18:05:08.347 Db pqaa_detox[61048:1308b3] [com.apple.defaults:User Defaults] looked up value 1 for key RCTI18nUtil_makeRTLFlipLeftAndRightStyles in CFPrefsPlistSource<0x600003ed4d00> (Domain: org.reactjs.native.example.pqaa-detox, User: kCFPreferencesCurrentUser, ByHost: No, Container: (null), Contents Need Refresh: No) via CFPrefsSearchListSource<0x600003ed0300> (Domain: org.reactjs.native.example.pqaa-detox, Container: (null))
2022-10-27 18:05:08.347 Db pqaa_detox[61048:1308b3] [com.apple.defaults:User Defaults] looked up value 1 for key RCTI18nUtil_makeRTLFlipLeftAndRightStyles in CFPrefsPlistSource<0x600003ed4d00> (Domain: org.reactjs.native.example.pqaa-detox, User: kCFPreferencesCurrentUser, ByHost: No, Container: (null), Contents Need Refresh: No) via CFPrefsSearchListSource<0x600003ed0300> (Domain: org.reactjs.native.example.pqaa-detox, Container: (null))
2022-10-27 18:05:08.347 Db pqaa_detox[61048:1308b3] [com.apple.defaults:User Defaults] looked up value 1 for key RCTI18nUtil_makeRTLFlipLeftAndRightStyles in CFPrefsPlistSource<0x600003ed4d00> (Domain: org.reactjs.native.example.pqaa-detox, User: kCFPreferencesCurrentUser, ByHost: No, Container: (null), Contents Need Refresh: No) via CFPrefsSearchListSource<0x600003ed0300> (Domain: org.reactjs.native.example.pqaa-detox, Container: (null))
2022-10-27 18:05:08.347 Db pqaa_detox[61048:1308b3] [com.apple.defaults:User Defaults] looked up value 1 for key RCTI18nUtil_makeRTLFlipLeftAndRightStyles in CFPrefsPlistSource<0x600003ed4d00> (Domain: org.reactjs.native.example.pqaa-detox, User: kCFPreferencesCurrentUser, ByHost: No, Container: (null), Contents Need Refresh: No) via CFPrefsSearchListSource<0x600003ed0300> (Domain: org.reactjs.native.example.pqaa-detox, Container: (null))
2022-10-27 18:05:08.347 Db pqaa_detox[61048:1308b3] [com.apple.defaults:User Defaults] looked up value 1 for key RCTI18nUtil_makeRTLFlipLeftAndRightStyles in CFPrefsPlistSource<0x600003ed4d00> (Domain: org.reactjs.native.example.pqaa-detox, User: kCFPreferencesCurrentUser, ByHost: No, Container: (null), Contents Need Refresh: No) via CFPrefsSearchListSource<0x600003ed0300> (Domain: org.reactjs.native.example.pqaa-detox, Container: (null))
2022-10-27 18:05:08.347 Db pqaa_detox[61048:1308b3] [com.apple.defaults:User Defaults] looked up value 1 for key RCTI18nUtil_makeRTLFlipLeftAndRightStyles in CFPrefsPlistSource<0x600003ed4d00> (Domain: org.reactjs.native.example.pqaa-detox, User: kCFPreferencesCurrentUser, ByHost: No, Container: (null), Contents Need Refresh: No) via CFPrefsSearchListSource<0x600003ed0300> (Domain: org.reactjs.native.example.pqaa-detox, Container: (null))
2022-10-27 18:05:08.347 Db pqaa_detox[61048:1308b3] [com.apple.defaults:User Defaults] looked up value 1 for key RCTI18nUtil_makeRTLFlipLeftAndRightStyles in CFPrefsPlistSource<0x600003ed4d00> (Domain: org.reactjs.native.example.pqaa-detox, User: kCFPreferencesCurrentUser, ByHost: No, Container: (null), Contents Need Refresh: No) via CFPrefsSearchListSource<0x600003ed0300> (Domain: org.reactjs.native.example.pqaa-detox, Container: (null))
2022-10-27 18:05:08.347 Db pqaa_detox[61048:1308b3] [com.apple.defaults:User Defaults] looked up value 1 for key RCTI18nUtil_makeRTLFlipLeftAndRightStyles in CFPrefsPlistSource<0x600003ed4d00> (Domain: org.reactjs.native.example.pqaa-detox, User: kCFPreferencesCurrentUser, ByHost: No, Container: (null), Contents Need Refresh: No) via CFPrefsSearchListSource<0x600003ed0300> (Domain: org.reactjs.native.example.pqaa-detox, Container: (null))
2022-10-27 18:05:08.347 Db pqaa_detox[61048:1308b3] [com.apple.defaults:User Defaults] looked up value 1 for key RCTI18nUtil_makeRTLFlipLeftAndRightStyles in CFPrefsPlistSource<0x600003ed4d00> (Domain: org.reactjs.native.example.pqaa-detox, User: kCFPreferencesCurrentUser, ByHost: No, Container: (null), Contents Need Refresh: No) via CFPrefsSearchListSource<0x600003ed0300> (Domain: org.reactjs.native.example.pqaa-detox, Container: (null))
2022-10-27 18:05:08.353 Db pqaa_detox[61048:1308b3] [com.apple.defaults:User Defaults] found no value for key AppleTextBreakLocale in CFPrefsSearchListSource<0x600003ed0300> (Domain: org.reactjs.native.example.pqaa-detox, Container: (null))
2022-10-27 18:05:08.382 Db pqaa_detox[61048:130839] [com.apple.defaults:User Defaults] looked up value 1 for key RCTI18nUtil_makeRTLFlipLeftAndRightStyles in CFPrefsPlistSource<0x600003ed4d00> (Domain: org.reactjs.native.example.pqaa-detox, User: kCFPreferencesCurrentUser, ByHost: No, Container: (null), Contents Need Refresh: No) via CFPrefsSearchListSource<0x600003ed0300> (Domain: org.reactjs.native.example.pqaa-detox, Container: (null))
2022-10-27 18:05:08.382 Db pqaa_detox[61048:130839] [com.apple.defaults:User Defaults] looked up value 1 for key RCTI18nUtil_makeRTLFlipLeftAndRightStyles in CFPrefsPlistSource<0x600003ed4d00> (Domain: org.reactjs.native.example.pqaa-detox, User: kCFPreferencesCurrentUser, ByHost: No, Container: (null), Contents Need Refresh: No) via CFPrefsSearchListSource<0x600003ed0300> (Domain: org.reactjs.native.example.pqaa-detox, Container: (null))
2022-10-27 18:05:08.382 Db pqaa_detox[61048:130839] [com.apple.defaults:User Defaults] looked up value 1 for key RCTI18nUtil_makeRTLFlipLeftAndRightStyles in CFPrefsPlistSource<0x600003ed4d00> (Domain: org.reactjs.native.example.pqaa-detox, User: kCFPreferencesCurrentUser, ByHost: No, Container: (null), Contents Need Refresh: No) via CFPrefsSearchListSource<0x600003ed0300> (Domain: org.reactjs.native.example.pqaa-detox, Container: (null))
2022-10-27 18:05:08.382 Db pqaa_detox[61048:130839] [com.apple.defaults:User Defaults] looked up value 1 for key RCTI18nUtil_makeRTLFlipLeftAndRightStyles in CFPrefsPlistSource<0x600003ed4d00> (Domain: org.reactjs.native.example.pqaa-detox, User: kCFPreferencesCurrentUser, ByHost: No, Container: (null), Contents Need Refresh: No) via CFPrefsSearchListSource<0x600003ed0300> (Domain: org.reactjs.native.example.pqaa-detox, Container: (null))
2022-10-27 18:05:08.382 Db pqaa_detox[61048:130839] [com.apple.defaults:User Defaults] looked up value 1 for key RCTI18nUtil_makeRTLFlipLeftAndRightStyles in CFPrefsPlistSource<0x600003ed4d00> (Domain: org.reactjs.native.example.pqaa-detox, User: kCFPreferencesCurrentUser, ByHost: No, Container: (null), Contents Need Refresh: No) via CFPrefsSearchListSource<0x600003ed0300> (Domain: org.reactjs.native.example.pqaa-detox, Container: (null))
2022-10-27 18:05:08.382 Db pqaa_detox[61048:130839] [com.apple.defaults:User Defaults] looked up value 1 for key RCTI18nUtil_makeRTLFlipLeftAndRightStyles in CFPrefsPlistSource<0x600003ed4d00> (Domain: org.reactjs.native.example.pqaa-detox, User: kCFPreferencesCurrentUser, ByHost: No, Container: (null), Contents Need Refresh: No) via CFPrefsSearchListSource<0x600003ed0300> (Domain: org.reactjs.native.example.pqaa-detox, Container: (null))
2022-10-27 18:05:08.382 Db pqaa_detox[61048:130839] [com.apple.defaults:User Defaults] looked up value 1 for key RCTI18nUtil_makeRTLFlipLeftAndRightStyles in CFPrefsPlistSource<0x600003ed4d00> (Domain: org.reactjs.native.example.pqaa-detox, User: kCFPreferencesCurrentUser, ByHost: No, Container: (null), Contents Need Refresh: No) via CFPrefsSearchListSource<0x600003ed0300> (Domain: org.reactjs.native.example.pqaa-detox, Container: (null))
2022-10-27 18:05:08.383 Db pqaa_detox[61048:130839] [com.apple.defaults:User Defaults] looked up value 1 for key RCTI18nUtil_makeRTLFlipLeftAndRightStyles in CFPrefsPlistSource<0x600003ed4d00> (Domain: org.reactjs.native.example.pqaa-detox, User: kCFPreferencesCurrentUser, ByHost: No, Container: (null), Contents Need Refresh: No) via CFPrefsSearchListSource<0x600003ed0300> (Domain: org.reactjs.native.example.pqaa-detox, Container: (null))
2022-10-27 18:05:08.383 Db pqaa_detox[61048:130839] [com.apple.defaults:User Defaults] looked up value 1 for key RCTI18nUtil_makeRTLFlipLeftAndRightStyles in CFPrefsPlistSource<0x600003ed4d00> (Domain: org.reactjs.native.example.pqaa-detox, User: kCFPreferencesCurrentUser, ByHost: No, Container: (null), Contents Need Refresh: No) via CFPrefsSearchListSource<0x600003ed0300> (Domain: org.reactjs.native.example.pqaa-detox, Container: (null))
2022-10-27 18:05:08.383 Db pqaa_detox[61048:130839] [com.apple.defaults:User Defaults] looked up value 1 for key RCTI18nUtil_makeRTLFlipLeftAndRightStyles in CFPrefsPlistSource<0x600003ed4d00> (Domain: org.reactjs.native.example.pqaa-detox, User: kCFPreferencesCurrentUser, ByHost: No, Container: (null), Contents Need Refresh: No) via CFPrefsSearchListSource<0x600003ed0300> (Domain: org.reactjs.native.example.pqaa-detox, Container: (null))
2022-10-27 18:05:08.383 Db pqaa_detox[61048:130839] [com.apple.defaults:User Defaults] looked up value 1 for key RCTI18nUtil_makeRTLFlipLeftAndRightStyles in CFPrefsPlistSource<0x600003ed4d00> (Domain: org.reactjs.native.example.pqaa-detox, User: kCFPreferencesCurrentUser, ByHost: No, Container: (null), Contents Need Refresh: No) via CFPrefsSearchListSource<0x600003ed0300> (Domain: org.reactjs.native.example.pqaa-detox, Container: (null))
2022-10-27 18:05:08.383 Db pqaa_detox[61048:130839] [com.apple.defaults:User Defaults] looked up value 1 for key RCTI18nUtil_makeRTLFlipLeftAndRightStyles in CFPrefsPlistSource<0x600003ed4d00> (Domain: org.reactjs.native.example.pqaa-detox, User: kCFPreferencesCurrentUser, ByHost: No, Container: (null), Contents Need Refresh: No) via CFPrefsSearchListSource<0x600003ed0300> (Domain: org.reactjs.native.example.pqaa-detox, Container: (null))
2022-10-27 18:05:08.383 Df pqaa_detox[61048:1308b3] (CFNetwork) Task <55429E3C-3C17-4A85-A863-DDEDF08DA163>.<1> resuming, timeouts(60.0, 604800.0) QOS(0x19) Voucher (null)
2022-10-27 18:05:08.383 Db pqaa_detox[61048:1308b3] [com.apple.network:activity] Returning should log: 0 for activity cfnetwork:foreground_task
2022-10-27 18:05:08.383 Db pqaa_detox[61048:1308b3] [com.apple.network:activity] Domain cfnetwork rate configured in registry as 1 / 20000
2022-10-27 18:05:08.383 Db pqaa_detox[61048:1308b3] [com.apple.network:activity] Domain cfnetwork rate configured after remote default override as 1 / 20000
2022-10-27 18:05:08.383 Db pqaa_detox[61048:1308b3] [com.apple.network:activity] After reading settings plist, domain cfnetwork rate configured as 1 / 20000
2022-10-27 18:05:08.383 Db pqaa_detox[61048:1308b3] [com.apple.network:activity] After settings override, domain cfnetwork rate configured as 1 / 20000
2022-10-27 18:05:08.383 Db pqaa_detox[61048:1308b3] [com.apple.network:activity] Final domain cfnetwork rate configured as 1 / 20000
2022-10-27 18:05:08.383 Db pqaa_detox[61048:1308b3] [com.apple.network:activity] <nw_activity 12:2 [No UUID] (reporting strategy default)> sampled at 1 / 20000
2022-10-27 18:05:08.383 Db pqaa_detox[61048:1308b3] [com.apple.network:activity] Returning should log: 0 for activity cfnetwork:foreground_task
2022-10-27 18:05:08.383 Df pqaa_detox[61048:1308b3] (CFNetwork) [Telemetry]: Activity <nw_activity 12:2 [8637ABD3-CB26-4748-B5F6-28670DC021CE] (reporting strategy default)> on Task <55429E3C-3C17-4A85-A863-DDEDF08DA163>.<1> was not selected for reporting
2022-10-27 18:05:08.383 Db pqaa_detox[61048:130839] [com.apple.defaults:User Defaults] looked up value 1 for key RCTI18nUtil_makeRTLFlipLeftAndRightStyles in CFPrefsPlistSource<0x600003ed4d00> (Domain: org.reactjs.native.example.pqaa-detox, User: kCFPreferencesCurrentUser, ByHost: No, Container: (null), Contents Need Refresh: No) via CFPrefsSearchListSource<0x600003ed0300> (Domain: org.reactjs.native.example.pqaa-detox, Container: (null))
2022-10-27 18:05:08.383 Db pqaa_detox[61048:130839] [com.apple.defaults:User Defaults] looked up value 1 for key RCTI18nUtil_makeRTLFlipLeftAndRightStyles in CFPrefsPlistSource<0x600003ed4d00> (Domain: org.reactjs.native.example.pqaa-detox, User: kCFPreferencesCurrentUser, ByHost: No, Container: (null), Contents Need Refresh: No) via CFPrefsSearchListSource<0x600003ed0300> (Domain: org.reactjs.native.example.pqaa-detox, Container: (null))
2022-10-27 18:05:08.383 Db pqaa_detox[61048:130839] [com.apple.defaults:User Defaults] looked up value 1 for key RCTI18nUtil_makeRTLFlipLeftAndRightStyles in CFPrefsPlistSource<0x600003ed4d00> (Domain: org.reactjs.native.example.pqaa-detox, User: kCFPreferencesCurrentUser, ByHost: No, Container: (null), Contents Need Refresh: No) via CFPrefsSearchListSource<0x600003ed0300> (Domain: org.reactjs.native.example.pqaa-detox, Container: (null))
2022-10-27 18:05:08.384 Db pqaa_detox[61048:130839] [com.apple.defaults:User Defaults] looked up value 1 for key RCTI18nUtil_makeRTLFlipLeftAndRightStyles in CFPrefsPlistSource<0x600003ed4d00> (Domain: org.reactjs.native.example.pqaa-detox, User: kCFPreferencesCurrentUser, ByHost: No, Container: (null), Contents Need Refresh: No) via CFPrefsSearchListSource<0x600003ed0300> (Domain: org.reactjs.native.example.pqaa-detox, Container: (null))
2022-10-27 18:05:08.384 Db pqaa_detox[61048:130839] [com.apple.defaults:User Defaults] looked up value 1 for key RCTI18nUtil_makeRTLFlipLeftAndRightStyles in CFPrefsPlistSource<0x600003ed4d00> (Domain: org.reactjs.native.example.pqaa-detox, User: kCFPreferencesCurrentUser, ByHost: No, Container: (null), Contents Need Refresh: No) via CFPrefsSearchListSource<0x600003ed0300> (Domain: org.reactjs.native.example.pqaa-detox, Container: (null))
2022-10-27 18:05:08.384 Df pqaa_detox[61048:1308b3] (CFNetwork) Task <27D2E50E-2541-42E5-B845-6E5C94C640E1>.<2> resuming, timeouts(60.0, 604800.0) QOS(0x19) Voucher (null)
2022-10-27 18:05:08.384 Db pqaa_detox[61048:130839] [com.apple.defaults:User Defaults] looked up value 1 for key RCTI18nUtil_makeRTLFlipLeftAndRightStyles in CFPrefsPlistSource<0x600003ed4d00> (Domain: org.reactjs.native.example.pqaa-detox, User: kCFPreferencesCurrentUser, ByHost: No, Container: (null), Contents Need Refresh: No) via CFPrefsSearchListSource<0x600003ed0300> (Domain: org.reactjs.native.example.pqaa-detox, Container: (null))
2022-10-27 18:05:08.384 Db pqaa_detox[61048:130839] [com.apple.defaults:User Defaults] looked up value 1 for key RCTI18nUtil_makeRTLFlipLeftAndRightStyles in CFPrefsPlistSource<0x600003ed4d00> (Domain: org.reactjs.native.example.pqaa-detox, User: kCFPreferencesCurrentUser, ByHost: No, Container: (null), Contents Need Refresh: No) via CFPrefsSearchListSource<0x600003ed0300> (Domain: org.reactjs.native.example.pqaa-detox, Container: (null))
2022-10-27 18:05:08.384 Db pqaa_detox[61048:1308b3] [com.apple.network:activity] Returning should log: 0 for activity cfnetwork:foreground_task
2022-10-27 18:05:08.384 Db pqaa_detox[61048:130839] [com.apple.defaults:User Defaults] looked up value 1 for key RCTI18nUtil_makeRTLFlipLeftAndRightStyles in CFPrefsPlistSource<0x600003ed4d00> (Domain: org.reactjs.native.example.pqaa-detox, User: kCFPreferencesCurrentUser, ByHost: No, Container: (null), Contents Need Refresh: No) via CFPrefsSearchListSource<0x600003ed0300> (Domain: org.reactjs.native.example.pqaa-detox, Container: (null))
2022-10-27 18:05:08.384 Db pqaa_detox[61048:1308b3] [com.apple.network:activity] Domain cfnetwork rate configured in registry as 1 / 20000
2022-10-27 18:05:08.384 Db pqaa_detox[61048:130839] [com.apple.defaults:User Defaults] looked up value 1 for key RCTI18nUtil_makeRTLFlipLeftAndRightStyles in CFPrefsPlistSource<0x600003ed4d00> (Domain: org.reactjs.native.example.pqaa-detox, User: kCFPreferencesCurrentUser, ByHost: No, Container: (null), Contents Need Refresh: No) via CFPrefsSearchListSource<0x600003ed0300> (Domain: org.reactjs.native.example.pqaa-detox, Container: (null))
2022-10-27 18:05:08.384 Db pqaa_detox[61048:130839] [com.apple.defaults:User Defaults] looked up value 1 for key RCTI18nUtil_makeRTLFlipLeftAndRightStyles in CFPrefsPlistSource<0x600003ed4d00> (Domain: org.reactjs.native.example.pqaa-detox, User: kCFPreferencesCurrentUser, ByHost: No, Container: (null), Contents Need Refresh: No) via CFPrefsSearchListSource<0x600003ed0300> (Domain: org.reactjs.native.example.pqaa-detox, Container: (null))
2022-10-27 18:05:08.384 Db pqaa_detox[61048:1308a1] [com.apple.CFNetwork:ATS] Uploading ATS exception ATSAllowsLocalNetworking
2022-10-27 18:05:08.384 Db pqaa_detox[61048:130839] [com.apple.defaults:User Defaults] looked up value 1 for key RCTI18nUtil_makeRTLFlipLeftAndRightStyles in CFPrefsPlistSource<0x600003ed4d00> (Domain: org.reactjs.native.example.pqaa-detox, User: kCFPreferencesCurrentUser, ByHost: No, Container: (null), Contents Need Refresh: No) via CFPrefsSearchListSource<0x600003ed0300> (Domain: org.reactjs.native.example.pqaa-detox, Container: (null))
2022-10-27 18:05:08.384 Db pqaa_detox[61048:1308b3] [com.apple.network:activity] Domain cfnetwork rate configured after remote default override as 1 / 20000
2022-10-27 18:05:08.384 Db pqaa_detox[61048:130839] [com.apple.defaults:User Defaults] looked up value 1 for key RCTI18nUtil_makeRTLFlipLeftAndRightStyles in CFPrefsPlistSource<0x600003ed4d00> (Domain: org.reactjs.native.example.pqaa-detox, User: kCFPreferencesCurrentUser, ByHost: No, Container: (null), Contents Need Refresh: No) via CFPrefsSearchListSource<0x600003ed0300> (Domain: org.reactjs.native.example.pqaa-detox, Container: (null))
2022-10-27 18:05:08.384 Db pqaa_detox[61048:130839] [com.apple.defaults:User Defaults] looked up value 1 for key RCTI18nUtil_makeRTLFlipLeftAndRightStyles in CFPrefsPlistSource<0x600003ed4d00> (Domain: org.reactjs.native.example.pqaa-detox, User: kCFPreferencesCurrentUser, ByHost: No, Container: (null), Contents Need Refresh: No) via CFPrefsSearchListSource<0x600003ed0300> (Domain: org.reactjs.native.example.pqaa-detox, Container: (null))
2022-10-27 18:05:08.384 A  pqaa_detox[61048:1308d6] (Security) SecTrustReportNetworkingAnalytics
2022-10-27 18:05:08.384 Db pqaa_detox[61048:130839] [com.apple.defaults:User Defaults] looked up value 1 for key RCTI18nUtil_makeRTLFlipLeftAndRightStyles in CFPrefsPlistSource<0x600003ed4d00> (Domain: org.reactjs.native.example.pqaa-detox, User: kCFPreferencesCurrentUser, ByHost: No, Container: (null), Contents Need Refresh: No) via CFPrefsSearchListSource<0x600003ed0300> (Domain: org.reactjs.native.example.pqaa-detox, Container: (null))
2022-10-27 18:05:08.384 Db pqaa_detox[61048:130839] [com.apple.defaults:User Defaults] looked up value 1 for key RCTI18nUtil_makeRTLFlipLeftAndRightStyles in CFPrefsPlistSource<0x600003ed4d00> (Domain: org.reactjs.native.example.pqaa-detox, User: kCFPreferencesCurrentUser, ByHost: No, Container: (null), Contents Need Refresh: No) via CFPrefsSearchListSource<0x600003ed0300> (Domain: org.reactjs.native.example.pqaa-detox, Container: (null))
2022-10-27 18:05:08.384 Db pqaa_detox[61048:130839] [com.apple.defaults:User Defaults] looked up value 1 for key RCTI18nUtil_makeRTLFlipLeftAndRightStyles in CFPrefsPlistSource<0x600003ed4d00> (Domain: org.reactjs.native.example.pqaa-detox, User: kCFPreferencesCurrentUser, ByHost: No, Container: (null), Contents Need Refresh: No) via CFPrefsSearchListSource<0x600003ed0300> (Domain: org.reactjs.native.example.pqaa-detox, Container: (null))
2022-10-27 18:05:08.384 Db pqaa_detox[61048:1308b3] [com.apple.network:activity] After reading settings plist, domain cfnetwork rate configured as 1 / 20000
2022-10-27 18:05:08.384 Db pqaa_detox[61048:130839] [com.apple.defaults:User Defaults] looked up value 1 for key RCTI18nUtil_makeRTLFlipLeftAndRightStyles in CFPrefsPlistSource<0x600003ed4d00> (Domain: org.reactjs.native.example.pqaa-detox, User: kCFPreferencesCurrentUser, ByHost: No, Container: (null), Contents Need Refresh: No) via CFPrefsSearchListSource<0x600003ed0300> (Domain: org.reactjs.native.example.pqaa-detox, Container: (null))
2022-10-27 18:05:08.384 Db pqaa_detox[61048:130839] [com.apple.defaults:User Defaults] looked up value 1 for key RCTI18nUtil_makeRTLFlipLeftAndRightStyles in CFPrefsPlistSource<0x600003ed4d00> (Domain: org.reactjs.native.example.pqaa-detox, User: kCFPreferencesCurrentUser, ByHost: No, Container: (null), Contents Need Refresh: No) via CFPrefsSearchListSource<0x600003ed0300> (Domain: org.reactjs.native.example.pqaa-detox, Container: (null))
2022-10-27 18:05:08.384 Db pqaa_detox[61048:1308b3] [com.apple.network:activity] After settings override, domain cfnetwork rate configured as 1 / 20000
2022-10-27 18:05:08.384 Db pqaa_detox[61048:1308b3] [com.apple.network:activity] Final domain cfnetwork rate configured as 1 / 20000
2022-10-27 18:05:08.384 Db pqaa_detox[61048:130839] [com.apple.defaults:User Defaults] looked up value 1 for key RCTI18nUtil_makeRTLFlipLeftAndRightStyles in CFPrefsPlistSource<0x600003ed4d00> (Domain: org.reactjs.native.example.pqaa-detox, User: kCFPreferencesCurrentUser, ByHost: No, Container: (null), Contents Need Refresh: No) via CFPrefsSearchListSource<0x600003ed0300> (Domain: org.reactjs.native.example.pqaa-detox, Container: (null))
2022-10-27 18:05:08.384 Db pqaa_detox[61048:1308b3] [com.apple.network:activity] <nw_activity 12:2 [No UUID] (reporting strategy default)> sampled at 1 / 20000
2022-10-27 18:05:08.384 Db pqaa_detox[61048:130839] [com.apple.defaults:User Defaults] looked up value 1 for key RCTI18nUtil_makeRTLFlipLeftAndRightStyles in CFPrefsPlistSource<0x600003ed4d00> (Domain: org.reactjs.native.example.pqaa-detox, User: kCFPreferencesCurrentUser, ByHost: No, Container: (null), Contents Need Refresh: No) via CFPrefsSearchListSource<0x600003ed0300> (Domain: org.reactjs.native.example.pqaa-detox, Container: (null))
2022-10-27 18:05:08.384 Db pqaa_detox[61048:1308b3] [com.apple.network:activity] Returning should log: 0 for activity cfnetwork:foreground_task
2022-10-27 18:05:08.384 Db pqaa_detox[61048:130839] [com.apple.defaults:User Defaults] looked up value 1 for key RCTI18nUtil_makeRTLFlipLeftAndRightStyles in CFPrefsPlistSource<0x600003ed4d00> (Domain: org.reactjs.native.example.pqaa-detox, User: kCFPreferencesCurrentUser, ByHost: No, Container: (null), Contents Need Refresh: No) via CFPrefsSearchListSource<0x600003ed0300> (Domain: org.reactjs.native.example.pqaa-detox, Container: (null))
2022-10-27 18:05:08.384 Df pqaa_detox[61048:1308b3] (CFNetwork) [Telemetry]: Activity <nw_activity 12:2 [65D59C19-9EAB-46DE-B440-026B9B20976B] (reporting strategy default)> on Task <27D2E50E-2541-42E5-B845-6E5C94C640E1>.<2> was not selected for reporting
2022-10-27 18:05:08.384 Db pqaa_detox[61048:130839] [com.apple.defaults:User Defaults] looked up value 1 for key RCTI18nUtil_makeRTLFlipLeftAndRightStyles in CFPrefsPlistSource<0x600003ed4d00> (Domain: org.reactjs.native.example.pqaa-detox, User: kCFPreferencesCurrentUser, ByHost: No, Container: (null), Contents Need Refresh: No) via CFPrefsSearchListSource<0x600003ed0300> (Domain: org.reactjs.native.example.pqaa-detox, Container: (null))
2022-10-27 18:05:08.384 Db pqaa_detox[61048:130839] [com.apple.defaults:User Defaults] looked up value 1 for key RCTI18nUtil_makeRTLFlipLeftAndRightStyles in CFPrefsPlistSource<0x600003ed4d00> (Domain: org.reactjs.native.example.pqaa-detox, User: kCFPreferencesCurrentUser, ByHost: No, Container: (null), Contents Need Refresh: No) via CFPrefsSearchListSource<0x600003ed0300> (Domain: org.reactjs.native.example.pqaa-detox, Container: (null))
2022-10-27 18:05:08.384 Db pqaa_detox[61048:130839] [com.apple.defaults:User Defaults] looked up value 1 for key RCTI18nUtil_makeRTLFlipLeftAndRightStyles in CFPrefsPlistSource<0x600003ed4d00> (Domain: org.reactjs.native.example.pqaa-detox, User: kCFPreferencesCurrentUser, ByHost: No, Container: (null), Contents Need Refresh: No) via CFPrefsSearchListSource<0x600003ed0300> (Domain: org.reactjs.native.example.pqaa-detox, Container: (null))
2022-10-27 18:05:08.384 I  pqaa_detox[61048:1308a1] [com.apple.network:connection] nw_connection_create_with_id [C8] create connection to Hostname#0b56e043:8081
2022-10-27 18:05:08.384 Db pqaa_detox[61048:130839] [com.apple.defaults:User Defaults] looked up value 1 for key RCTI18nUtil_makeRTLFlipLeftAndRightStyles in CFPrefsPlistSource<0x600003ed4d00> (Domain: org.reactjs.native.example.pqaa-detox, User: kCFPreferencesCurrentUser, ByHost: No, Container: (null), Contents Need Refresh: No) via CFPrefsSearchListSource<0x600003ed0300> (Domain: org.reactjs.native.example.pqaa-detox, Container: (null))
2022-10-27 18:05:08.384 Db pqaa_detox[61048:130839] [com.apple.defaults:User Defaults] looked up value 1 for key RCTI18nUtil_makeRTLFlipLeftAndRightStyles in CFPrefsPlistSource<0x600003ed4d00> (Domain: org.reactjs.native.example.pqaa-detox, User: kCFPreferencesCurrentUser, ByHost: No, Container: (null), Contents Need Refresh: No) via CFPrefsSearchListSource<0x600003ed0300> (Domain: org.reactjs.native.example.pqaa-detox, Container: (null))
2022-10-27 18:05:08.384 Db pqaa_detox[61048:130839] [com.apple.defaults:User Defaults] looked up value 1 for key RCTI18nUtil_makeRTLFlipLeftAndRightStyles in CFPrefsPlistSource<0x600003ed4d00> (Domain: org.reactjs.native.example.pqaa-detox, User: kCFPreferencesCurrentUser, ByHost: No, Container: (null), Contents Need Refresh: No) via CFPrefsSearchListSource<0x600003ed0300> (Domain: org.reactjs.native.example.pqaa-detox, Container: (null))
2022-10-27 18:05:08.384 Df pqaa_detox[61048:1308a1] (CFNetwork) Connection 8: starting, TC(0x0)
2022-10-27 18:05:08.384 Db pqaa_detox[61048:130839] [com.apple.defaults:User Defaults] looked up value 1 for key RCTI18nUtil_makeRTLFlipLeftAndRightStyles in CFPrefsPlistSource<0x600003ed4d00> (Domain: org.reactjs.native.example.pqaa-detox, User: kCFPreferencesCurrentUser, ByHost: No, Container: (null), Contents Need Refresh: No) via CFPrefsSearchListSource<0x600003ed0300> (Domain: org.reactjs.native.example.pqaa-detox, Container: (null))
2022-10-27 18:05:08.384 Db pqaa_detox[61048:130839] [com.apple.defaults:User Defaults] looked up value 1 for key RCTI18nUtil_makeRTLFlipLeftAndRightStyles in CFPrefsPlistSource<0x600003ed4d00> (Domain: org.reactjs.native.example.pqaa-detox, User: kCFPreferencesCurrentUser, ByHost: No, Container: (null), Contents Need Refresh: No) via CFPrefsSearchListSource<0x600003ed0300> (Domain: org.reactjs.native.example.pqaa-detox, Container: (null))
2022-10-27 18:05:08.385 Db pqaa_detox[61048:130839] [com.apple.defaults:User Defaults] looked up value 1 for key RCTI18nUtil_makeRTLFlipLeftAndRightStyles in CFPrefsPlistSource<0x600003ed4d00> (Domain: org.reactjs.native.example.pqaa-detox, User: kCFPreferencesCurrentUser, ByHost: No, Container: (null), Contents Need Refresh: No) via CFPrefsSearchListSource<0x600003ed0300> (Domain: org.reactjs.native.example.pqaa-detox, Container: (null))
2022-10-27 18:05:08.384 Df pqaa_detox[61048:1308a1] [com.apple.network:connection] [C8 8CA484F3-6719-4ED1-80E8-E57591A46D0C localhost:8081 tcp, url hash: 17c527a9, definite, attribution: developer, context: com.apple.CFNetwork.NSURLSession.{D7CDB93F-4084-48EC-A566-741A454433C0}{(null)}{Y}{2} (private), proc: 4D5F7493-0EAA-3248-AEB0-F93E710375D1] start
2022-10-27 18:05:08.385 Db pqaa_detox[61048:130839] [com.apple.defaults:User Defaults] looked up value 1 for key RCTI18nUtil_makeRTLFlipLeftAndRightStyles in CFPrefsPlistSource<0x600003ed4d00> (Domain: org.reactjs.native.example.pqaa-detox, User: kCFPreferencesCurrentUser, ByHost: No, Container: (null), Contents Need Refresh: No) via CFPrefsSearchListSource<0x600003ed0300> (Domain: org.reactjs.native.example.pqaa-detox, Container: (null))
2022-10-27 18:05:08.385 I  pqaa_detox[61048:1308a1] [com.apple.network:connection] nw_endpoint_handler_start [C8 localhost:8081 initial path ((null))]
2022-10-27 18:05:08.385 Df pqaa_detox[61048:1308d6] [com.apple.securityd:SecError] SecTrustReportNetworkingAnalytics failed with error: -4
2022-10-27 18:05:08.385 Db pqaa_detox[61048:130839] [com.apple.defaults:User Defaults] looked up value 1 for key RCTI18nUtil_makeRTLFlipLeftAndRightStyles in CFPrefsPlistSource<0x600003ed4d00> (Domain: org.reactjs.native.example.pqaa-detox, User: kCFPreferencesCurrentUser, ByHost: No, Container: (null), Contents Need Refresh: No) via CFPrefsSearchListSource<0x600003ed0300> (Domain: org.reactjs.native.example.pqaa-detox, Container: (null))
2022-10-27 18:05:08.385 Df pqaa_detox[61048:1308a1] [com.apple.network:connection] [C8 localhost:8081 initial path ((null))] event: path:start @0.000s
2022-10-27 18:05:08.385 Db pqaa_detox[61048:130839] [com.apple.defaults:User Defaults] looked up value 1 for key RCTI18nUtil_makeRTLFlipLeftAndRightStyles in CFPrefsPlistSource<0x600003ed4d00> (Domain: org.reactjs.native.example.pqaa-detox, User: kCFPreferencesCurrentUser, ByHost: No, Container: (null), Contents Need Refresh: No) via CFPrefsSearchListSource<0x600003ed0300> (Domain: org.reactjs.native.example.pqaa-detox, Container: (null))
2022-10-27 18:05:08.385 Db pqaa_detox[61048:130839] [com.apple.defaults:User Defaults] looked up value 1 for key RCTI18nUtil_makeRTLFlipLeftAndRightStyles in CFPrefsPlistSource<0x600003ed4d00> (Domain: org.reactjs.native.example.pqaa-detox, User: kCFPreferencesCurrentUser, ByHost: No, Container: (null), Contents Need Refresh: No) via CFPrefsSearchListSource<0x600003ed0300> (Domain: org.reactjs.native.example.pqaa-detox, Container: (null))
2022-10-27 18:05:08.385 Db pqaa_detox[61048:130839] [com.apple.defaults:User Defaults] looked up value 1 for key RCTI18nUtil_makeRTLFlipLeftAndRightStyles in CFPrefsPlistSource<0x600003ed4d00> (Domain: org.reactjs.native.example.pqaa-detox, User: kCFPreferencesCurrentUser, ByHost: No, Container: (null), Contents Need Refresh: No) via CFPrefsSearchListSource<0x600003ed0300> (Domain: org.reactjs.native.example.pqaa-detox, Container: (null))
2022-10-27 18:05:08.385 Db pqaa_detox[61048:130839] [com.apple.defaults:User Defaults] looked up value 1 for key RCTI18nUtil_makeRTLFlipLeftAndRightStyles in CFPrefsPlistSource<0x600003ed4d00> (Domain: org.reactjs.native.example.pqaa-detox, User: kCFPreferencesCurrentUser, ByHost: No, Container: (null), Contents Need Refresh: No) via CFPrefsSearchListSource<0x600003ed0300> (Domain: org.reactjs.native.example.pqaa-detox, Container: (null))
2022-10-27 18:05:08.385 Db pqaa_detox[61048:130839] [com.apple.defaults:User Defaults] looked up value 1 for key RCTI18nUtil_makeRTLFlipLeftAndRightStyles in CFPrefsPlistSource<0x600003ed4d00> (Domain: org.reactjs.native.example.pqaa-detox, User: kCFPreferencesCurrentUser, ByHost: No, Container: (null), Contents Need Refresh: No) via CFPrefsSearchListSource<0x600003ed0300> (Domain: org.reactjs.native.example.pqaa-detox, Container: (null))
2022-10-27 18:05:08.385 Db pqaa_detox[61048:130839] [com.apple.defaults:User Defaults] looked up value 1 for key RCTI18nUtil_makeRTLFlipLeftAndRightStyles in CFPrefsPlistSource<0x600003ed4d00> (Domain: org.reactjs.native.example.pqaa-detox, User: kCFPreferencesCurrentUser, ByHost: No, Container: (null), Contents Need Refresh: No) via CFPrefsSearchListSource<0x600003ed0300> (Domain: org.reactjs.native.example.pqaa-detox, Container: (null))
2022-10-27 18:05:08.385 Db pqaa_detox[61048:130839] [com.apple.defaults:User Defaults] looked up value 1 for key RCTI18nUtil_makeRTLFlipLeftAndRightStyles in CFPrefsPlistSource<0x600003ed4d00> (Domain: org.reactjs.native.example.pqaa-detox, User: kCFPreferencesCurrentUser, ByHost: No, Container: (null), Contents Need Refresh: No) via CFPrefsSearchListSource<0x600003ed0300> (Domain: org.reactjs.native.example.pqaa-detox, Container: (null))
2022-10-27 18:05:08.385 Db pqaa_detox[61048:1308a1] [com.apple.network:connection] nw_endpoint_handler_path_change [C8 localhost:8081 waiting path (satisfied (Path is satisfied), interface: en0)]
2022-10-27 18:05:08.385 Db pqaa_detox[61048:130839] [com.apple.defaults:User Defaults] looked up value 1 for key RCTI18nUtil_makeRTLFlipLeftAndRightStyles in CFPrefsPlistSource<0x600003ed4d00> (Domain: org.reactjs.native.example.pqaa-detox, User: kCFPreferencesCurrentUser, ByHost: No, Container: (null), Contents Need Refresh: No) via CFPrefsSearchListSource<0x600003ed0300> (Domain: org.reactjs.native.example.pqaa-detox, Container: (null))
2022-10-27 18:05:08.385 Df pqaa_detox[61048:1308a1] [com.apple.network:connection] [C8 localhost:8081 waiting path (satisfied (Path is satisfied), interface: en0)] event: path:satisfied @0.000s, uuid: 8E19A2C8-E6AA-4968-A0B0-A125D7A90868
2022-10-27 18:05:08.385 Db pqaa_detox[61048:130839] [com.apple.defaults:User Defaults] looked up value 1 for key RCTI18nUtil_makeRTLFlipLeftAndRightStyles in CFPrefsPlistSource<0x600003ed4d00> (Domain: org.reactjs.native.example.pqaa-detox, User: kCFPreferencesCurrentUser, ByHost: No, Container: (null), Contents Need Refresh: No) via CFPrefsSearchListSource<0x600003ed0300> (Domain: org.reactjs.native.example.pqaa-detox, Container: (null))
2022-10-27 18:05:08.385 I  pqaa_detox[61048:1308a1] [com.apple.network:connection] nw_connection_endpoint_report_on_nw_queue [C8 localhost:8081 waiting path (satisfied (Path is satisfied), interface: en0)] skipping state update
2022-10-27 18:05:08.385 Db pqaa_detox[61048:130839] [com.apple.defaults:User Defaults] looked up value 1 for key RCTI18nUtil_makeRTLFlipLeftAndRightStyles in CFPrefsPlistSource<0x600003ed4d00> (Domain: org.reactjs.native.example.pqaa-detox, User: kCFPreferencesCurrentUser, ByHost: No, Container: (null), Contents Need Refresh: No) via CFPrefsSearchListSource<0x600003ed0300> (Domain: org.reactjs.native.example.pqaa-detox, Container: (null))
2022-10-27 18:05:08.385 Db pqaa_detox[61048:1308a1] [com.apple.network:] nw_endpoint_proxy_handler_should_use_proxy Looking up proxy for hostname: localhost, ifindex: 0
2022-10-27 18:05:08.385 Db pqaa_detox[61048:130839] [com.apple.defaults:User Defaults] looked up value 1 for key RCTI18nUtil_makeRTLFlipLeftAndRightStyles in CFPrefsPlistSource<0x600003ed4d00> (Domain: org.reactjs.native.example.pqaa-detox, User: kCFPreferencesCurrentUser, ByHost: No, Container: (null), Contents Need Refresh: No) via CFPrefsSearchListSource<0x600003ed0300> (Domain: org.reactjs.native.example.pqaa-detox, Container: (null))
2022-10-27 18:05:08.385 Db pqaa_detox[61048:130839] [com.apple.defaults:User Defaults] looked up value 1 for key RCTI18nUtil_makeRTLFlipLeftAndRightStyles in CFPrefsPlistSource<0x600003ed4d00> (Domain: org.reactjs.native.example.pqaa-detox, User: kCFPreferencesCurrentUser, ByHost: No, Container: (null), Contents Need Refresh: No) via CFPrefsSearchListSource<0x600003ed0300> (Domain: org.reactjs.native.example.pqaa-detox, Container: (null))
2022-10-27 18:05:08.385 Db pqaa_detox[61048:130839] [com.apple.defaults:User Defaults] looked up value 1 for key RCTI18nUtil_makeRTLFlipLeftAndRightStyles in CFPrefsPlistSource<0x600003ed4d00> (Domain: org.reactjs.native.example.pqaa-detox, User: kCFPreferencesCurrentUser, ByHost: No, Container: (null), Contents Need Refresh: No) via CFPrefsSearchListSource<0x600003ed0300> (Domain: org.reactjs.native.example.pqaa-detox, Container: (null))
2022-10-27 18:05:08.385 Db pqaa_detox[61048:1308a1] [com.apple.SystemConfiguration:SCPreferences] create <SCPreferences 0x7f9f062162e0 [0x10d24bbe0]> {name = SCDynamicStoreCopyProxiesWithOptions, id = /Library/Managed Preferences/mobile/com.apple.SystemConfiguration.plist, path = /Library/Managed Preferences/mobile/com.apple.SystemConfiguration.plist}
2022-10-27 18:05:08.385 Db pqaa_detox[61048:130839] [com.apple.defaults:User Defaults] looked up value 1 for key RCTI18nUtil_makeRTLFlipLeftAndRightStyles in CFPrefsPlistSource<0x600003ed4d00> (Domain: org.reactjs.native.example.pqaa-detox, User: kCFPreferencesCurrentUser, ByHost: No, Container: (null), Contents Need Refresh: No) via CFPrefsSearchListSource<0x600003ed0300> (Domain: org.reactjs.native.example.pqaa-detox, Container: (null))
2022-10-27 18:05:08.385 Db pqaa_detox[61048:1308a1] [com.apple.SystemConfiguration:SCPreferences] SCPreferences() access: /Library/Managed Preferences/mobile/com.apple.SystemConfiguration.plist, size=0
2022-10-27 18:05:08.386 Db pqaa_detox[61048:130839] [com.apple.defaults:User Defaults] looked up value 1 for key RCTI18nUtil_makeRTLFlipLeftAndRightStyles in CFPrefsPlistSource<0x600003ed4d00> (Domain: org.reactjs.native.example.pqaa-detox, User: kCFPreferencesCurrentUser, ByHost: No, Container: (null), Contents Need Refresh: No) via CFPrefsSearchListSource<0x600003ed0300> (Domain: org.reactjs.native.example.pqaa-detox, Container: (null))
2022-10-27 18:05:08.386 Db pqaa_detox[61048:1308a1] [com.apple.SystemConfiguration:SCPreferences] release <SCPreferences 0x7f9f062162e0 [0x10d24bbe0]> {name = SCDynamicStoreCopyProxiesWithOptions, id = /Library/Managed Preferences/mobile/com.apple.SystemConfiguration.plist, path = /Library/Managed Preferences/mobile/com.apple.SystemConfiguration.plist, accessed}
2022-10-27 18:05:08.386 Db pqaa_detox[61048:130839] [com.apple.defaults:User Defaults] looked up value 1 for key RCTI18nUtil_makeRTLFlipLeftAndRightStyles in CFPrefsPlistSource<0x600003ed4d00> (Domain: org.reactjs.native.example.pqaa-detox, User: kCFPreferencesCurrentUser, ByHost: No, Container: (null), Contents Need Refresh: No) via CFPrefsSearchListSource<0x600003ed0300> (Domain: org.reactjs.native.example.pqaa-detox, Container: (null))
